  blue_tang: seed 267304103813480 in 14s
  pufferfish: seed 911784666146475 in 13s
  parrotfish: seed 9829715196558 in 14s
  angelfish: seed 7162226205455 in 14s
  butterflyfish: seed 471656906926043 in 14s
  sea_turtle: seed 346418368084446 in 14s
  manta: seed 869734333480689 in 14s
  seahorse: seed 544638436355270 in 14s
  octopus: seed 1040324384337399 in 14s
  moon_jelly: seed 534339542462423 in 15s
  starfish: seed 397399525224560 in 14s
  crab: seed 169935763298047 in 15s
  hermit_crab: seed 904240436481133 in 16s
  clam: seed 1009767092936632 in 16s
  whale_shark: seed 354483704970435 in 18s
  sunfish: seed 511113708298758 in 18s
  dolphin: seed 444135648669503 in 18s
  humpback: seed 859437937624763 in 19s
  sardine: seed 1001689677548443 in 20s
  squid: seed 185488948150379 in 21s
  sea_otter: seed 911359446952399 in 21s
  lanternfish: seed 900872800329465 in 20s
  barreleye: seed 272638050413679 in 21s
  oarfish: seed 452502950115095 in 21s
  vampire_squid: seed 211222678218071 in 22s
  dumbo_octopus: seed 777660137601814 in 21s
  atolla_jelly: seed 727142249874307 in 21s
  sperm_whale: seed 149202883739495 in 21s
  giant_squid: seed 303055340946948 in 22s
  frilled_shark: seed 126285703106245 in 23s
  viperfish: seed 106818569098083 in 21s
  gulper_eel: seed 224709163128490 in 23s
  blobfish: seed 144854117065937 in 23s
  giant_isopod: seed 753795181231624 in 30s
  yeti_crab: seed 506871424269690 in 30s
  glow_shrimp: seed 484575973644056 in 23s
  tube_worms: seed 581892496995253 in 24s
  sea_dragon: seed 698900228628109 in 23s
  relic: seed 672059447361250 in 23s
  chest: seed 653774421680304 in 25s
  statue: seed 719875424290283 in 22s
  coral_branch: seed 1029472307567952 in 24s
  coral_brain: seed 1023931670558082 in 22s
  coral_fan: seed 1032940515168455 in 25s
  coral_table: seed 373304787727478 in 22s
  anemone: seed 123086094781028 in 25s
  sponge: seed 286237131340689 in 24s
  seagrass: seed 961461712916947 in 25s
  kelp: seed 218424841521702 in 24s
  glow_plant: seed 367831763076392 in 25s
  crystal: seed 807686590080317 in 23s
  tex_rock: seed 312229977022973 in 24s
  tex_mud: seed 1104430247057888 in 28s
  tex_marble: seed 192781483381616 in 28s
  tex_mosaic: seed 386809289893284 in 29s
  title_art: seed 219214042466917 in 28s
